2026-08-12 00:00:00 - Created clean task-local checkout from GitHub main at commit 5e3741651775701e873ccfa1cdb31bda8a30b68d.
2026-08-12 00:01:00 - Archived the user-approved implementation plan before code changes.
2026-08-12 00:02:00 - Loaded edu-3d-sim-builder, science-activity-builder, design-taste-frontend, and technical-workbench-ui instructions; recorded the required 4/3/8 design overrides and simulation fidelity boundaries.
2026-08-12 08:35:00 - Reviewed 17 Lab Studio technique definitions and created the committed M/R/C source ledger without client-visible local paths or hashes.
2026-08-12 08:55:00 - Implemented the catalog, workbench, lab-only scene/state/action modules, explicit command gates, independent Blockly/Python drafts, and all 50 generated scenario definitions.
2026-08-12 09:05:00 - Static scenario validation passed for 50 unique tasks, 10 per robot, ranks 1-10, source references, traces, assistance gates, G1 secured carriers, and hardware-module exclusion.
2026-08-12 09:08:00 - Runtime validation passed all 50 success traces, all 50 invalid proximity traces, stop/reset, Python normalization, bimanual and morphology gates, cooling sequence, and low-level gripper attachment/release.
2026-08-12 09:18:00 - Browser QA passed five morphology-specific vertical slices, all 50 rendered scenes at 1366x768, and 60 simple/complex workbench viewport checks plus 30 catalog viewport/filter checks across the six supported sizes.
2026-08-12 09:22:00 - Browser QA confirmed direct-link restoration, keyboard catalog and tab behavior, empty state, independent draft persistence, camera preference persistence, no duplicate authored DOM IDs, no unnamed controls, no browser warnings/errors, and no serial/hardware/bridge/virtual-leader requests.
2026-08-12 09:24:00 - JavaScript syntax validation passed for 17 lab and generator files. `npm test` was unavailable because this repository has no package.json/test script; no mobile, performance, physical-hardware, or deployment QA was run.
2026-08-12 09:25:00 - Confirmed no diff under simulator robot mesh/rig modules, robot packs, hardware adapters, or serial code. Existing pages changed only by the Lab Tasks navigation link.
2026-08-12 10:05:00 - Critical fidelity audit found shared safety-state leakage, non-geometric mobile progress, G1 hand-helper mismatch, fixed world prop anchors, overbroad source attribution, non-atomic joint batches, and incomplete draft preservation.
2026-08-12 10:18:00 - Replaced the lab safety bootstrap with a simulation-only joint shim; added canonical joint/home validation, geometric LeKiwi/G1 routes, destination tolerances, authored hazard volumes, reduced Builder helpers, exact operation targets, contamination/connection/stabilization/orientation gates, and unsupported-fluid rejection.
2026-08-12 10:24:00 - Source-ledger verification passed against 17 user-designated Lab Studio technique JSON files; all 50 task references use verified action IDs and preserve the M/R/C boundary without client-visible local paths or hashes.
2026-08-12 10:31:00 - Browser refinement fixed disposed-workspace overwriting of Blockly drafts, confirmed both drafts survive task changes, attached props to live rig effectors, removed the G1 demo object from lab scenes, and applied lab-only fog/lighting/contrast plus authored camera controls.
2026-08-12 10:40:00 - Final deterministic checks passed 50 success traces, 50 complete invalid/recovery traces, adversarial state gates, 19 syntax checks, 35 executable Blockly starters, five full Python vertical slices, all 50 rendered scene loads, and 60 supported-viewport workbench checks. No console/page errors or suspicious hardware/bridge requests were observed.
2026-08-12 10:42:00 - `npm test` remains unavailable because the resolved npm prefix has no test script. Mobile, performance/load, physical-hardware, cross-browser, deployment, and formal accessibility-conformance QA remain intentionally unrun.
2026-08-12 11:08:00 - Apparatus fidelity audit against Lab Studio equipment-realistic/v1 found generic primitives, control/apparatus misclassification, overlapping station objects, absent workstation context, floating insertion placement, and an unreadably compressed scene viewport.
2026-08-12 11:18:00 - Rebuilt 31 apparatus families as reference-shaped procedural Three.js assemblies with identifiable silhouettes, materials, functional controls, insertion/placement sockets, companion hardware, station layouts, restrained labels, and lab-only lighting/ground treatment.
2026-08-12 11:24:00 - Added scene-only balance, burette, spectrophotometer, chromatography, oven, cooling, filtration, and waste fixtures wherever the workflow visits those stations; these fixtures do not add learner commands, state-table rows, or completion checkpoints.
2026-08-12 11:28:00 - Live browser checks confirmed watch-glass placement onto the analytical-balance pan, cuvette insertion into the spectrophotometer bay, expanded 3D scene operation, and representative Arduino, SO-101, LeKiwi, OpenArm, and G1 scene readability with zero console errors.
2026-08-12 11:32:00 - Responsive refinement retained the three-pane workbench and all editor actions at 1024x768, while 768x1024 uses the intentional stacked tablet layout. Apparatus/reference, scenario, and runtime deterministic checks remain passing after regeneration.
2026-08-12 11:41:00 - Final checks passed 20 JavaScript syntax parses, 50 scenario definitions, 50 success and 50 invalid/recovery runtime traces, 17 technique ledgers, 31 apparatus visual families, 146 apparatus records, 35 companion fixtures, and zero final browser console errors.
2026-08-12 11:43:00 - Rebuilt the complete runnable archive without .git or internal .img2threejs state: 167 entries, 3,055,242 bytes, SHA-256 277EB97CBAE45B99CCA9496FBDC0448497FB1217D3600B73EF549A5C875EAF69. Removed the verified temporary packaging directory after archive creation.
2026-08-12 13:18:00 - Re-read the required edu-3d-sim-builder, img2threejs, technical-workbench-ui, and in-app browser instructions; resumed all ten persisted apparatus reconstruction states with no hard stop.
2026-08-12 13:34:00 - Audited live effector-to-object gaps and rejected an initial unrestricted root-offset prototype because it moved robot bases vertically through the bench.
2026-08-12 13:48:00 - Implemented grounded lab-only contact choreography: horizontal robot presentation offset, adjustable contact lift for residual height, grip-socket attachment only at contact, live-effector carry, host-socket lowering/release/insert, gripper close/open presentation, and cancelable Pause/STOP/Reset cleanup.
2026-08-12 13:54:00 - Added a separate grounded Unitree G1 secured-carrier lift/handoff path consistent with fixed-hand logistics; no fine-glassware, inverse-kinematic, collision-planning, or dynamic-balance claim was added.
2026-08-12 14:00:00 - Authoritative source-ledger validation exposed three obsolete hard-water action IDs. Updated RoboBuddy's centralized mapping to the current filtration, two-stage drying, and combined-mass IDs; did not modify Lab Studio.
2026-08-12 14:02:00 - Regenerated 50 definitions. Scenario validation passed 176 manipulation actions and 105 carried robot moves; runtime passed 50 success plus 50 invalid/recovery traces; source ledger passed 17 techniques; apparatus references passed 37 contracts, 146 records, 35 companions, and 8 aliases; syntax passed 20 JS/MJS files.
2026-08-12 14:10:00 - Final in-app-browser checks passed Arduino grasp/carry/place, SO-101 grasp/insert, LeKiwi Pause/Resume/STOP/Reset, both OpenArm effectors, G1 secured-carrier pickup/carry/release/home, apparatus operate, and expanded-scene enter/exit with no accumulated browser warning/error.
2026-08-12 14:13:00 - Final browser coverage passed all 50 Ready scenes at 1366x768 (minimum stage about 567x415) and 10 first/most-complex representatives at both 1024x768 (minimum about 498x422) and 768x1024 (minimum 655x460). Every scene retained the canvas and stage-local STOP with no horizontal overflow/load error. Observed page assets contained no serial, hardware, bridge, virtual-leader, WebSocket, or local hardware-endpoint asset.
